2020-05-13 11:10:34,520 - INFO - Current time: Wed May 13 11:10:34 2020
2020-05-13 11:10:36,523 - INFO - Current time: Wed May 13 11:10:36 2020
2020-05-13 11:10:38,526 - INFO - Current time: Wed May 13 11:10:38 2020
2020-05-13 11:10:40,529 - INFO - Current time: Wed May 13 11:10:40 2020
2020-05-13 11:10:42,533 - INFO - Current time: Wed May 13 11:10:42 2020
2020-05-13 11:10:44,536 - INFO - Current time: Wed May 13 11:10:44 2020
2020-05-13 11:20:25,319 - INFO - Current time: Wed May 13 11:20:25 2020
2020-05-13 11:20:52,466 - INFO - Current time: Wed May 13 11:20:52 2020
2020-05-13 11:20:54,470 - INFO - Current time: Wed May 13 11:20:54 2020
2020-05-13 11:20:56,472 - INFO - Current time: Wed May 13 11:20:56 2020
2020-05-13 11:46:50,735 - INFO - Current time: Wed May 13 11:46:50 2020
2020-05-13 11:46:52,738 - INFO - Current time: Wed May 13 11:46:52 2020
2020-05-13 11:46:54,741 - INFO - Current time: Wed May 13 11:46:54 2020
2020-05-13 11:46:56,744 - INFO - Current time: Wed May 13 11:46:56 2020
2020-05-13 11:57:23,408 - INFO - Current time: Wed May 13 11:57:23 2020
2020-05-13 11:57:25,411 - INFO - Current time: Wed May 13 11:57:25 2020
2020-05-13 11:57:27,415 - INFO - Current time: Wed May 13 11:57:27 2020
2020-05-13 11:57:29,418 - INFO - Current time: Wed May 13 11:57:29 2020
2020-05-13 11:57:31,422 - INFO - Current time: Wed May 13 11:57:31 2020
2020-05-13 11:57:33,425 - INFO - Current time: Wed May 13 11:57:33 2020
2020-05-13 11:57:35,429 - INFO - Current time: Wed May 13 11:57:35 2020
2020-05-13 11:57:37,432 - INFO - Current time: Wed May 13 11:57:37 2020
2020-05-13 11:57:39,436 - INFO - Current time: Wed May 13 11:57:39 2020
2020-05-13 12:03:09,636 - INFO - Current time: Wed May 13 12:03:09 2020
2020-05-13 12:03:11,639 - INFO - Current time: Wed May 13 12:03:11 2020
2020-05-13 12:03:13,642 - INFO - Current time: Wed May 13 12:03:13 2020
2020-05-13 12:05:00,066 - INFO - Current time: Wed May 13 12:05:00 2020
2020-05-13 12:05:02,069 - INFO - Current time: Wed May 13 12:05:02 2020
2020-05-13 12:05:04,072 - INFO - Current time: Wed May 13 12:05:04 2020
2020-05-13 12:05:40,643 - INFO - Current time: Wed May 13 12:05:40 2020
2020-05-13 12:05:42,647 - INFO - Current time: Wed May 13 12:05:42 2020
2020-05-13 12:05:44,650 - INFO - Current time: Wed May 13 12:05:44 2020
2020-05-13 12:05:46,652 - INFO - Current time: Wed May 13 12:05:46 2020
2020-05-13 12:05:48,655 - INFO - Current time: Wed May 13 12:05:48 2020
2020-05-13 12:05:50,656 - INFO - Current time: Wed May 13 12:05:50 2020
2020-05-13 12:05:52,659 - INFO - Current time: Wed May 13 12:05:52 2020
2020-05-13 12:05:54,662 - INFO - Current time: Wed May 13 12:05:54 2020
2020-05-13 12:05:56,664 - INFO - Current time: Wed May 13 12:05:56 2020
2020-05-13 12:05:58,668 - INFO - Current time: Wed May 13 12:05:58 2020
2020-05-13 12:06:00,671 - INFO - Current time: Wed May 13 12:06:00 2020
2020-05-13 12:06:02,675 - INFO - Current time: Wed May 13 12:06:02 2020
2020-05-13 12:06:04,678 - INFO - Current time: Wed May 13 12:06:04 2020
2020-05-13 12:06:38,328 - INFO - Current time: Wed May 13 12:06:38 2020
2020-05-13 12:06:40,331 - INFO - Current time: Wed May 13 12:06:40 2020
2020-05-13 12:06:42,334 - INFO - Current time: Wed May 13 12:06:42 2020
2020-05-13 12:06:44,337 - INFO - Current time: Wed May 13 12:06:44 2020
2020-05-13 12:06:46,340 - INFO - Current time: Wed May 13 12:06:46 2020
2020-05-13 12:06:48,342 - INFO - Current time: Wed May 13 12:06:48 2020
2020-05-13 12:07:06,622 - INFO - Current time: Wed May 13 12:07:06 2020
2020-05-13 12:07:08,625 - INFO - Current time: Wed May 13 12:07:08 2020
2020-05-13 12:07:10,627 - INFO - Current time: Wed May 13 12:07:10 2020
2020-05-13 12:07:12,630 - INFO - Current time: Wed May 13 12:07:12 2020
2020-05-13 12:07:14,632 - INFO - Current time: Wed May 13 12:07:14 2020
2020-05-13 12:07:16,635 - INFO - Current time: Wed May 13 12:07:16 2020
2020-05-13 12:08:27,881 - INFO - Current time: Wed May 13 12:08:27 2020
2020-05-13 12:08:29,885 - INFO - Current time: Wed May 13 12:08:29 2020
2020-05-13 12:08:31,888 - INFO - Current time: Wed May 13 12:08:31 2020
2020-05-13 12:08:33,891 - INFO - Current time: Wed May 13 12:08:33 2020
2020-05-13 12:08:35,894 - INFO - Current time: Wed May 13 12:08:35 2020
2020-05-13 12:08:37,896 - INFO - Current time: Wed May 13 12:08:37 2020
2020-05-13 12:08:39,899 - INFO - Current time: Wed May 13 12:08:39 2020
2020-05-13 12:08:41,900 - INFO - Current time: Wed May 13 12:08:41 2020
2020-05-13 12:08:43,903 - INFO - Current time: Wed May 13 12:08:43 2020
2020-05-13 12:08:45,905 - INFO - Current time: Wed May 13 12:08:45 2020
2020-05-13 12:08:47,908 - INFO - Current time: Wed May 13 12:08:47 2020
2020-05-13 12:10:25,281 - INFO - Current time: Wed May 13 12:10:25 2020
2020-05-13 12:10:27,282 - INFO - Current time: Wed May 13 12:10:27 2020
2020-05-13 12:10:29,285 - INFO - Current time: Wed May 13 12:10:29 2020
2020-05-13 12:10:31,289 - INFO - Current time: Wed May 13 12:10:31 2020
2020-05-13 12:10:33,292 - INFO - Current time: Wed May 13 12:10:33 2020
2020-05-13 12:21:45,347 - INFO - Current time: Wed May 13 12:21:45 2020
2020-05-13 12:21:47,351 - INFO - Current time: Wed May 13 12:21:47 2020
2020-05-13 12:21:49,352 - INFO - Current time: Wed May 13 12:21:49 2020
2020-05-13 12:21:51,356 - INFO - Current time: Wed May 13 12:21:51 2020
2020-05-13 12:21:53,359 - INFO - Current time: Wed May 13 12:21:53 2020
2020-05-13 12:22:04,877 - INFO - Current time: Wed May 13 12:22:04 2020
2020-05-13 12:22:06,880 - INFO - Current time: Wed May 13 12:22:06 2020
2020-05-13 12:22:08,884 - INFO - Current time: Wed May 13 12:22:08 2020
2020-05-13 12:22:10,887 - INFO - Current time: Wed May 13 12:22:10 2020
2020-05-13 12:22:12,889 - INFO - Current time: Wed May 13 12:22:12 2020
2020-05-13 12:22:14,891 - INFO - Current time: Wed May 13 12:22:14 2020
2020-05-13 12:22:16,894 - INFO - Current time: Wed May 13 12:22:16 2020
2020-05-13 12:22:36,278 - INFO - Current time: Wed May 13 12:22:36 2020
2020-05-13 12:22:38,279 - INFO - Current time: Wed May 13 12:22:38 2020
2020-05-13 12:22:40,283 - INFO - Current time: Wed May 13 12:22:40 2020
2020-05-13 12:22:42,286 - INFO - Current time: Wed May 13 12:22:42 2020
2020-05-13 12:22:44,289 - INFO - Current time: Wed May 13 12:22:44 2020
2020-05-13 12:23:17,894 - INFO - Current time: Wed May 13 12:23:17 2020
2020-05-13 12:23:19,897 - INFO - Current time: Wed May 13 12:23:19 2020
2020-05-13 12:23:36,808 - INFO - Current time: Wed May 13 12:23:36 2020
2020-05-13 12:23:38,811 - INFO - Current time: Wed May 13 12:23:38 2020
2020-05-13 12:31:40,393 - INFO - Current time: Wed May 13 12:31:40 2020
2020-05-13 12:31:42,396 - INFO - Current time: Wed May 13 12:31:42 2020
2020-05-13 12:31:44,397 - INFO - Current time: Wed May 13 12:31:44 2020
2020-05-13 12:34:05,363 - INFO - Current time: Wed May 13 12:34:05 2020
2020-05-13 12:34:07,380 - INFO - Current time: Wed May 13 12:34:07 2020
2020-05-13 12:34:09,412 - INFO - Current time: Wed May 13 12:34:09 2020
2020-05-13 12:35:39,545 - INFO - Current time: Wed May 13 12:35:39 2020
2020-05-13 12:35:41,560 - INFO - Current time: Wed May 13 12:35:41 2020
2020-05-13 12:35:43,593 - INFO - Current time: Wed May 13 12:35:43 2020
2020-05-13 12:35:45,631 - INFO - Current time: Wed May 13 12:35:45 2020
2020-05-13 13:33:01,019 - INFO - Current time: Wed May 13 13:33:01 2020
2020-05-13 13:33:03,023 - INFO - Current time: Wed May 13 13:33:03 2020
2020-05-13 13:33:05,026 - INFO - Current time: Wed May 13 13:33:05 2020
2020-05-13 13:33:07,030 - INFO - Current time: Wed May 13 13:33:07 2020
2020-05-13 13:33:09,033 - INFO - Current time: Wed May 13 13:33:09 2020
2020-05-13 13:33:26,330 - INFO - Current time: Wed May 13 13:33:26 2020
2020-05-13 13:33:28,333 - INFO - Current time: Wed May 13 13:33:28 2020
2020-05-13 13:33:30,337 - INFO - Current time: Wed May 13 13:33:30 2020
2020-05-13 13:33:32,340 - INFO - Current time: Wed May 13 13:33:32 2020
2020-05-13 13:36:36,927 - INFO - Current time: Wed May 13 13:36:36 2020
2020-05-13 13:36:38,930 - INFO - Current time: Wed May 13 13:36:38 2020
2020-05-13 13:36:40,933 - INFO - Current time: Wed May 13 13:36:40 2020
2020-05-13 13:38:20,507 - INFO - Current time: Wed May 13 13:38:20 2020
2020-05-13 13:38:22,510 - INFO - Current time: Wed May 13 13:38:22 2020
2020-05-13 13:38:24,514 - INFO - Current time: Wed May 13 13:38:24 2020
2020-05-13 13:38:26,518 - INFO - Current time: Wed May 13 13:38:26 2020
2020-05-13 13:38:28,521 - INFO - Current time: Wed May 13 13:38:28 2020
2020-05-13 13:40:47,304 - INFO - Current time: Wed May 13 13:40:47 2020
2020-05-13 13:40:49,307 - INFO - Current time: Wed May 13 13:40:49 2020
2020-05-13 13:40:51,310 - INFO - Current time: Wed May 13 13:40:51 2020
2020-05-13 13:41:42,549 - INFO - Current time: Wed May 13 13:41:42 2020
2020-05-13 13:41:44,552 - INFO - Current time: Wed May 13 13:41:44 2020
2020-05-13 13:41:46,555 - INFO - Current time: Wed May 13 13:41:46 2020
2020-05-13 13:42:51,221 - INFO - Current time: Wed May 13 13:42:51 2020
2020-05-13 13:42:53,224 - INFO - Current time: Wed May 13 13:42:53 2020
2020-05-13 13:43:36,967 - INFO - Current time: Wed May 13 13:43:36 2020
2020-05-13 13:43:38,970 - INFO - Current time: Wed May 13 13:43:38 2020
2020-05-13 13:43:40,973 - INFO - Current time: Wed May 13 13:43:40 2020
2020-05-13 14:01:26,530 - INFO - Current time: Wed May 13 14:01:26 2020
2020-05-13 14:01:52,092 - INFO - Current time: Wed May 13 14:01:52 2020
2020-05-13 14:01:54,096 - INFO - Current time: Wed May 13 14:01:54 2020
2020-05-13 14:03:25,732 - INFO - Current time: Wed May 13 14:03:25 2020
2020-05-13 14:03:27,735 - INFO - Current time: Wed May 13 14:03:27 2020
2020-05-13 14:03:29,739 - INFO - Current time: Wed May 13 14:03:29 2020
2020-05-13 14:03:31,742 - INFO - Current time: Wed May 13 14:03:31 2020
2020-05-13 14:03:33,744 - INFO - Current time: Wed May 13 14:03:33 2020
2020-05-13 14:03:35,748 - INFO - Current time: Wed May 13 14:03:35 2020
2020-05-13 14:03:37,751 - INFO - Current time: Wed May 13 14:03:37 2020
2020-05-13 14:03:39,754 - INFO - Current time: Wed May 13 14:03:39 2020
2020-05-13 14:03:41,758 - INFO - Current time: Wed May 13 14:03:41 2020
2020-05-13 14:03:43,761 - INFO - Current time: Wed May 13 14:03:43 2020
2020-05-13 14:03:45,764 - INFO - Current time: Wed May 13 14:03:45 2020
2020-05-13 14:03:47,767 - INFO - Current time: Wed May 13 14:03:47 2020
2020-05-13 14:03:49,770 - INFO - Current time: Wed May 13 14:03:49 2020
2020-05-13 14:03:51,773 - INFO - Current time: Wed May 13 14:03:51 2020
2020-05-13 14:03:53,776 - INFO - Current time: Wed May 13 14:03:53 2020
2020-05-13 14:03:55,779 - INFO - Current time: Wed May 13 14:03:55 2020
2020-05-13 14:03:57,782 - INFO - Current time: Wed May 13 14:03:57 2020
2020-05-13 14:03:59,785 - INFO - Current time: Wed May 13 14:03:59 2020
2020-05-13 14:04:01,787 - INFO - Current time: Wed May 13 14:04:01 2020
2020-05-13 14:04:03,790 - INFO - Current time: Wed May 13 14:04:03 2020
2020-05-13 14:04:05,792 - INFO - Current time: Wed May 13 14:04:05 2020
2020-05-13 14:04:07,793 - INFO - Current time: Wed May 13 14:04:07 2020
2020-05-13 14:04:09,796 - INFO - Current time: Wed May 13 14:04:09 2020
2020-05-13 14:04:11,799 - INFO - Current time: Wed May 13 14:04:11 2020
2020-05-13 14:04:13,803 - INFO - Current time: Wed May 13 14:04:13 2020
2020-05-13 14:04:15,804 - INFO - Current time: Wed May 13 14:04:15 2020
2020-05-13 14:04:17,806 - INFO - Current time: Wed May 13 14:04:17 2020
2020-05-13 14:04:19,808 - INFO - Current time: Wed May 13 14:04:19 2020
2020-05-13 14:04:21,811 - INFO - Current time: Wed May 13 14:04:21 2020
2020-05-13 14:04:23,814 - INFO - Current time: Wed May 13 14:04:23 2020
2020-05-13 14:04:25,817 - INFO - Current time: Wed May 13 14:04:25 2020
2020-05-13 14:04:27,821 - INFO - Current time: Wed May 13 14:04:27 2020
2020-05-13 14:04:29,824 - INFO - Current time: Wed May 13 14:04:29 2020
2020-05-13 14:04:31,825 - INFO - Current time: Wed May 13 14:04:31 2020
2020-05-13 14:04:33,829 - INFO - Current time: Wed May 13 14:04:33 2020
2020-05-13 14:04:35,832 - INFO - Current time: Wed May 13 14:04:35 2020
2020-05-13 14:04:37,835 - INFO - Current time: Wed May 13 14:04:37 2020
2020-05-13 14:04:39,836 - INFO - Current time: Wed May 13 14:04:39 2020
2020-05-13 14:04:41,839 - INFO - Current time: Wed May 13 14:04:41 2020
2020-05-13 14:04:43,843 - INFO - Current time: Wed May 13 14:04:43 2020
2020-05-13 14:04:45,846 - INFO - Current time: Wed May 13 14:04:45 2020
2020-05-13 14:04:47,850 - INFO - Current time: Wed May 13 14:04:47 2020
2020-05-13 14:04:49,853 - INFO - Current time: Wed May 13 14:04:49 2020
2020-05-13 14:04:51,856 - INFO - Current time: Wed May 13 14:04:51 2020
2020-05-13 14:04:53,858 - INFO - Current time: Wed May 13 14:04:53 2020
2020-05-13 14:04:55,861 - INFO - Current time: Wed May 13 14:04:55 2020
2020-05-13 14:04:57,863 - INFO - Current time: Wed May 13 14:04:57 2020
2020-05-13 14:04:59,866 - INFO - Current time: Wed May 13 14:04:59 2020
2020-05-13 14:05:01,869 - INFO - Current time: Wed May 13 14:05:01 2020
2020-05-13 14:05:03,872 - INFO - Current time: Wed May 13 14:05:03 2020
2020-05-13 14:05:05,875 - INFO - Current time: Wed May 13 14:05:05 2020
2020-05-13 14:05:07,876 - INFO - Current time: Wed May 13 14:05:07 2020
2020-05-13 14:05:11,401 - INFO - Current time: Wed May 13 14:05:11 2020
2020-05-13 14:05:13,405 - INFO - Current time: Wed May 13 14:05:13 2020
2020-05-13 14:05:16,772 - INFO - image saved
2020-05-13 14:06:21,751 - INFO - Current time: Wed May 13 14:06:21 2020
2020-05-13 14:06:25,516 - INFO - image saved
2020-05-13 14:06:58,525 - INFO - Current time: Wed May 13 14:06:58 2020
2020-05-13 14:07:00,529 - INFO - Current time: Wed May 13 14:07:00 2020
2020-05-13 14:07:02,596 - INFO - image saved
2020-05-13 14:14:25,913 - INFO - image saved
2020-05-13 14:14:28,816 - INFO - image saved
2020-05-13 14:44:53,272 - INFO - play
2020-05-13 14:44:54,335 - INFO - play
2020-05-13 14:44:55,120 - INFO - play
2020-05-13 14:44:55,656 - INFO - play
2020-05-13 14:44:56,096 - INFO - play
2020-05-13 14:44:56,583 - INFO - play
2020-05-13 14:44:56,792 - INFO - play
2020-05-13 14:44:56,976 - INFO - play
2020-05-13 14:44:57,367 - INFO - play
2020-05-13 14:44:57,791 - INFO - play
